Microchip MPLAB XC8 Compiler V2.10 ()

Linker command line:

-W-3 --edf=C:\Program Files (x86)\Microchip\xc8\v2.10\pic\dat\en_msgs.txt \
  -cs -h+dist/default/production\MT-13202-1.X.production.sym \
  --cmf=dist/default/production\MT-13202-1.X.production.cmf -z -Q16LF19186 \
  -oc:\Users\AppData\Local\Temp\s8lk.2 --defsym=__MPLAB_BUILD=1 \
  -Mdist/default/production/MT-13202-1.X.production.map -E1 -ver=XC8 \
  --acfsm=1493 -ASTACK=020F4h-027EFh -pstack=STACK -ACODE=00h-07FFhx8 \
  -ASTRCODE=00h-03FFFh -ASTRING=00h-0FFhx64 -ACONST=00h-0FFhx64 \
  -AENTRY=00h-0FFhx64 -ACOMMON=070h-07Fh -ABANK0=020h-06Fh \
  -ABANK1=0A0h-0EFh -ABANK2=0120h-016Fh -ABANK3=01A0h-01EFh \
  -ABANK4=0220h-026Fh -ABANK5=02A0h-02EFh -ABANK6=0320h-036Fh \
  -ABANK7=03A0h-03EFh -ABANK8=0420h-046Fh -ABANK9=04A0h-04EFh \
  -ABANK10=0520h-056Fh -ABANK11=05A0h-05EFh -ABANK12=0620h-066Fh \
  -ABANK13=06A0h-06EFh -ABANK14=0720h-076Fh -ABANK15=07A0h-07EFh \
  -ABANK16=0820h-086Fh -ABANK17=08A0h-08EFh -ABANK18=0920h-096Fh \
  -ABANK19=09A0h-09EFh -ABANK20=0A20h-0A6Fh -ABANK21=0AA0h-0AEFh \
  -ABANK22=0B20h-0B6Fh -ABANK23=0BA0h-0BEFh -ABANK24=0C20h-0C6Fh \
  -ABANK25=0CA0h-0CBFh -ABIGRAM=02000h-027EFh \
  -ARAM=020h-06Fh,0A0h-0EFh,0120h-016Fh,01A0h-01EFh,0220h-026Fh,02A0h-02EFh,0320h-036Fh,03A0h-03EFh,0420h-046Fh,04A0h-04EFh,0520h-056Fh,05A0h-05EFh,0620h-066Fh,06A0h-06EFh,0720h-076Fh,07A0h-07EFh,0820h-086Fh,08A0h-08EFh,0920h-096Fh,09A0h-09EFh,0A20h-0A6Fh,0AA0h-0AEFh,0B20h-0B6Fh,0BA0h-0BEFh,0C20h-0C6Fh,0CA0h-0CBFh \
  -AABS1=020h-07Fh,0A0h-0EFh,0120h-016Fh,01A0h-01EFh,0220h-026Fh,02A0h-02EFh,0320h-036Fh,03A0h-03EFh,0420h-046Fh,04A0h-04EFh,0520h-056Fh,05A0h-05EFh,0620h-066Fh,06A0h-06EFh,0720h-076Fh,07A0h-07EFh,0820h-086Fh,08A0h-08EFh,0920h-096Fh,09A0h-09EFh,0A20h-0A6Fh,0AA0h-0AEFh,0B20h-0B6Fh,0BA0h-0BEFh,0C20h-0C6Fh,0CA0h-0CBFh \
  -ASFR0=00h-01Fh -ASFR1=080h-09Fh -ASFR2=0100h-011Fh -ASFR3=0180h-019Fh \
  -ASFR4=0200h-021Fh -ASFR5=0280h-029Fh -ASFR6=0300h-031Fh \
  -ASFR7=0380h-039Fh -ASFR8=0400h-041Fh -ASFR9=0480h-049Fh \
  -ASFR10=0500h-051Fh -ASFR11=0580h-059Fh -ASFR12=0600h-061Fh \
  -ASFR13=0680h-069Fh -ASFR14=0700h-071Fh -ASFR15=0780h-079Fh \
  -ASFR16=0800h-081Fh -ASFR17=0880h-089Fh -ASFR18=0900h-091Fh \
  -ASFR19=0980h-099Fh -ASFR20=0A00h-0A1Fh -ASFR21=0A80h-0A9Fh \
  -ASFR22=0B00h-0B1Fh -ASFR23=0B80h-0B9Fh -ASFR24=0C00h-0C1Fh \
  -ASFR25=0C80h-0C9Fh -ASFR26=0D00h-0D6Fh -ASFR27=0D80h-0DEFh \
  -ASFR28=0E00h-0E6Fh -ASFR29=0E80h-0EEFh -ASFR30=0F00h-0F6Fh \
  -ASFR31=0F80h-0FEFh -ASFR32=01000h-0106Fh -ASFR33=01080h-010EFh \
  -ASFR34=01100h-0116Fh -ASFR35=01180h-011EFh -ASFR36=01200h-0126Fh \
  -ASFR37=01280h-012EFh -ASFR38=01300h-0136Fh -ASFR39=01380h-013EFh \
  -ASFR40=01400h-0146Fh -ASFR41=01480h-014EFh -ASFR42=01500h-0156Fh \
  -ASFR43=01580h-015EFh -ASFR44=01600h-0166Fh -ASFR45=01680h-016EFh \
  -ASFR46=01700h-0176Fh -ASFR47=01780h-017EFh -ASFR48=01800h-0186Fh \
  -ASFR49=01880h-018EFh -ASFR50=01900h-0196Fh -ASFR51=01980h-019EFh \
  -ASFR52=01A00h-01A6Fh -ASFR53=01A80h-01AEFh -ASFR54=01B00h-01B6Fh \
  -ASFR55=01B80h-01BEFh -ASFR56=01C00h-01C6Fh -ASFR57=01C80h-01CEFh \
  -ASFR58=01D00h-01D6Fh -ASFR59=01D80h-01DEFh -ASFR60=01E00h-01E6Fh \
  -ASFR61=01E80h-01EEFh -ASFR62=01F00h-01F6Fh -ASFR63=01F80h-01FEFh \
  -preset_vec=00h,intentry=04h,init,end_init -ppowerup=CODE -pcinit=CODE \
  -pfunctab=ENTRY -ACONFIG=08007h-0800Bh -pconfig=CONFIG -DCONFIG=2 \
  -AIDLOC=08000h-08003h -pidloc=IDLOC -DIDLOC=2 -AEEDATA=00h-0FFh/0F000h \
  -peeprom_data=EEDATA -DEEDATA=2 -DCODE=2 -DSTRCODE=2 -DSTRING=2 -DCONST=2 \
  -DENTRY=2 -k c:\Users\AppData\Local\Temp\s8lk.o \
  dist/default/production\MT-13202-1.X.production.o 

Object code version is 3.11

Machine type is 16LF19186



                Name                               Link     Load   Length Selector   Space Scale
c:\Users\AppData\Local\Temp\s8lk.o
                end_init                             20       20        2        8       0
                reset_vec                             0        0        2        0       0
                config                             8007     8007        5    1000E       0
dist/default/production\MT-13202-1.X.production.o
                cinit                                22       22       1F        8       0
                intentry                              4        4       1C        8       0
                text10_split_1                       41       41      6EF        8       0
                text68                             2DD9     2DD9       1F     5BB2       0
                text67                             231E     231E       8A     463C       0
                text66                             2F1E     2F1E       34     5E3C       0
                text65                             187E     187E      122     30FC       0
                text63                             2D02     2D02        3     5A04       0
                text62                             2E5B     2E5B       25     5CB6       0
                text61                             2D19     2D19        9     5A32       0
                text60                             2D22     2D22        9     5A44       0
                text59                             2D2B     2D2B        9     5A56       0
                text58                             2E80     2E80       25     5D00       0
                text57                             2018     2018       40     4030       0
                text56                              800      800        B     1000       0
                text55                             2184     2184       5B     4308       0
                text54                             2D11     2D11        8     5A22       0
                text53                             2D9A     2D9A        F     5B34       0
                text52                             2D7F     2D7F        D     5AFE       0
                text51                             2D34     2D34        9     5A68       0
                text50                             2DBB     2DBB       1E     5B76       0
                text49                             2D8C     2D8C        E     5B18       0
                text48                             2DF8     2DF8       1F     5BF0       0
                text47                             2002     2002        3     4004       0
                text46                             1004     1004       16     2008       0
                text45                             10A9     10A9      238     2152       0
                text44                             1C81     1C81      1B4     3902       0
                text43                             23A8     23A8       8B     4750       0
                text42                             2E37     2E37       24     5C6E       0
                text41                             12E1     12E1      257     25C2       0
                text40                             229E     229E       80     453C       0
                text39                              730      730       AD        8       0
                text38                             26FE     26FE      102     4DFC       0
                text37                             21DF     21DF       5F     43BE       0
                text36                             2D3D     2D3D        9     5A7A       0
                text35                             2D46     2D46        9     5A8C       0
                text34                             2D4F     2D4F        9     5A9E       0
                text33                             2D58     2D58        9     5AB0       0
                text32                             2D61     2D61        9     5AC2       0
                text31                             2D6A     2D6A        9     5AD4       0
                text30                              7DD      7DD       22        8       0
                text29                             1001     1001        3     2002       0
                text28                             2D73     2D73        C     5AE6       0
                text27                             2433     2433       8F     4866       0
                text26                             24C2     24C2       8F     4984       0
                text25                             180C     180C       72     3018       0
                text24                             1800     1800        C     2A70       0
                text23                             2DA9     2DA9       12     5B52       0
                text22                             2551     2551       8F     4AA2       0
                text21                             25E0     25E0       8F     4BC0       0
                text20                             266F     266F       8F     4CDE       0
                text19                             101A     101A       8F     2034       0
                text18                             223E     223E       60     447C       0
                text17                             2130     2130       54     4260       0
                text16                             20E1     20E1       4F     41C2       0
                text15                             2F52     2F52       35     5EA4       0
                text14                             2E17     2E17       20     5C2E       0
                text13                             2FC3     2FC3       3D     5F86       0
                text12                             2099     2099       48     4132       0
                text11                             2EA5     2EA5       25     5D4A       0
                text10                             1538     1538      2C8     2A70       0
                text9                              1E35     1E35      1CB     3C6A       0
                text8                               BE7      BE7      419     17CE       0
                text7                              2058     2058       41     40B0       0
                text6                              2005     2005       13     400A       0
                text5                              2EF0     2EF0       2E     5DE0       0
                text4                              2ECA     2ECA       26     5D94       0
                text3                               80B      80B      3DC     1016       0
                text2                              1AED     1AED      194     35DA       0
                text1                              2F87     2F87       3C     5F0E       0
                maintext                           19A0     19A0      14D     3340       0
                cstackBANK0                          20       20       50       20       1
                cstackCOMMON                         70       70        E       70       1
                cstackBANK1                          A0       A0       4F       A0       1
                cstackBANK2                         16A      16A        6      120       1
                clrtext                            2D05     2D05        6     5A0A       0
                dataBANK2                           164      164        6      120       1
                bssBANK2                            120      120       3E      120       1
                bssBANK1                             EF       EF        1       A0       1
                nvBANK3                             1A0      1A0        4      1A0       1
                nvBANK2                             15E      15E        6      120       1
                idataBANK2                         2D0B     2D0B        6     5A16       0

TOTAL           Name                               Link     Load   Length     Space
        CLASS   STACK          

        CLASS   CODE           
                end_init                             20       20        2         0
                cinit                                22       22       1F         0
                intentry                              4        4       1C         0
                reset_vec                             0        0        2         0
                text10_split_1                       41       41      6EF         0
                text68                             2DD9     2DD9       1F         0
                text67                             231E     231E       8A         0
                text66                             2F1E     2F1E       34         0
                text65                             187E     187E      122         0
                text63                             2D02     2D02        3         0
                text62                             2E5B     2E5B       25         0
                text61                             2D19     2D19        9         0
                text60                             2D22     2D22        9         0
                text59                             2D2B     2D2B        9         0
                text58                             2E80     2E80       25         0
                text57                             2018     2018       40         0
                text56                              800      800        B         0
                text55                             2184     2184       5B         0
                text54                             2D11     2D11        8         0
                text53                             2D9A     2D9A        F         0
                text52                             2D7F     2D7F        D         0
                text51                             2D34     2D34        9         0
                text50                             2DBB     2DBB       1E         0
                text49                             2D8C     2D8C        E         0
                text48                             2DF8     2DF8       1F         0
                text47                             2002     2002        3         0
                text46                             1004     1004       16         0
                text45                             10A9     10A9      238         0
                text44                             1C81     1C81      1B4         0
                text43                             23A8     23A8       8B         0
                text42                             2E37     2E37       24         0
                text41                             12E1     12E1      257         0
                text40                             229E     229E       80         0
                text39                              730      730       AD         0
                text38                             26FE     26FE      102         0
                text37                             21DF     21DF       5F         0
                text36                             2D3D     2D3D        9         0
                text35                             2D46     2D46        9         0
                text34                             2D4F     2D4F        9         0
                text33                             2D58     2D58        9         0
                text32                             2D61     2D61        9         0
                text31                             2D6A     2D6A        9         0
                text30                              7DD      7DD       22         0
                text29                             1001     1001        3         0
                text28                             2D73     2D73        C         0
                text27                             2433     2433       8F         0
                text26                             24C2     24C2       8F         0
                text25                             180C     180C       72         0
                text24                             1800     1800        C         0
                text23                             2DA9     2DA9       12         0
                text22                             2551     2551       8F         0
                text21                             25E0     25E0       8F         0
                text20                             266F     266F       8F         0
                text19                             101A     101A       8F         0
                text18                             223E     223E       60         0
                text17                             2130     2130       54         0
                text16                             20E1     20E1       4F         0
                text15                             2F52     2F52       35         0
                text14                             2E17     2E17       20         0
                text13                             2FC3     2FC3       3D         0
                text12                             2099     2099       48         0
                text11                             2EA5     2EA5       25         0
                text10                             1538     1538      2C8         0
                text9                              1E35     1E35      1CB         0
                text8                               BE7      BE7      419         0
                text7                              2058     2058       41         0
                text6                              2005     2005       13         0
                text5                              2EF0     2EF0       2E         0
                text4                              2ECA     2ECA       26         0
                text3                               80B      80B      3DC         0
                text2                              1AED     1AED      194         0
                text1                              2F87     2F87       3C         0
                maintext                           19A0     19A0      14D         0
                clrtext                            2D05     2D05        6         0
                idataBANK2                         2D0B     2D0B        6         0

        CLASS   STRCODE        

        CLASS   STRING         

        CLASS   CONST          

        CLASS   ENTRY          

        CLASS   COMMON         
                cstackCOMMON                         70       70        E         1

        CLASS   BANK0          
                cstackBANK0                          20       20       50         1

        CLASS   BANK1          
                cstackBANK1                          A0       A0       4F         1
                bssBANK1                             EF       EF        1         1

        CLASS   BANK2          
                cstackBANK2                         16A      16A        6         1
                dataBANK2                           164      164        6         1
                bssBANK2                            120      120       3E         1
                nvBANK2                             15E      15E        6         1

        CLASS   BANK3          
                nvBANK3                             1A0      1A0        4         1

        CLASS   BANK4          

        CLASS   BANK5          

        CLASS   BANK6          

        CLASS   BANK7          

        CLASS   BANK8          

        CLASS   BANK9          

        CLASS   BANK10         

        CLASS   BANK11         

        CLASS   BANK12         

        CLASS   BANK13         

        CLASS   BANK14         

        CLASS   BANK15         

        CLASS   BANK16         

        CLASS   BANK17         

        CLASS   BANK18         

        CLASS   BANK19         

        CLASS   BANK20         

        CLASS   BANK21         

        CLASS   BANK22         

        CLASS   BANK23         

        CLASS   BANK24         

        CLASS   BANK25         

        CLASS   BIGRAM         

        CLASS   RAM            

        CLASS   ABS1           
                abs_s1                               7E       7E        2         1

        CLASS   SFR0           

        CLASS   SFR1           

        CLASS   SFR2           

        CLASS   SFR3           

        CLASS   SFR4           

        CLASS   SFR5           

        CLASS   SFR6           

        CLASS   SFR7           

        CLASS   SFR8           

        CLASS   SFR9           

        CLASS   SFR10          

        CLASS   SFR11          

        CLASS   SFR12          

        CLASS   SFR13          

        CLASS   SFR14          

        CLASS   SFR15          

        CLASS   SFR16          

        CLASS   SFR17          

        CLASS   SFR18          

        CLASS   SFR19          

        CLASS   SFR20          

        CLASS   SFR21          

        CLASS   SFR22          

        CLASS   SFR23          

        CLASS   SFR24          

        CLASS   SFR25          

        CLASS   SFR26          

        CLASS   SFR27          

        CLASS   SFR28          

        CLASS   SFR29          

        CLASS   SFR30          

        CLASS   SFR31          

        CLASS   SFR32          

        CLASS   SFR33          

        CLASS   SFR34          

        CLASS   SFR35          

        CLASS   SFR36          

        CLASS   SFR37          

        CLASS   SFR38          

        CLASS   SFR39          

        CLASS   SFR40          

        CLASS   SFR41          

        CLASS   SFR42          

        CLASS   SFR43          

        CLASS   SFR44          

        CLASS   SFR45          

        CLASS   SFR46          

        CLASS   SFR47          

        CLASS   SFR48          

        CLASS   SFR49          

        CLASS   SFR50          

        CLASS   SFR51          

        CLASS   SFR52          

        CLASS   SFR53          

        CLASS   SFR54          

        CLASS   SFR55          

        CLASS   SFR56          

        CLASS   SFR57          

        CLASS   SFR58          

        CLASS   SFR59          

        CLASS   SFR60          

        CLASS   SFR61          

        CLASS   SFR62          

        CLASS   SFR63          

        CLASS   CONFIG         
                config                             8007     8007        5         0

        CLASS   IDLOC          

        CLASS   EEDATA         

        CLASS   BANK63         

        CLASS   BANK62         

        CLASS   BANK61         

        CLASS   BANK60         

        CLASS   BANK59         

        CLASS   BANK58         

        CLASS   BANK57         

        CLASS   BANK56         

        CLASS   BANK55         

        CLASS   BANK54         

        CLASS   BANK53         

        CLASS   BANK52         

        CLASS   BANK51         

        CLASS   BANK50         

        CLASS   BANK49         

        CLASS   BANK48         

        CLASS   BANK47         

        CLASS   BANK46         

        CLASS   BANK45         

        CLASS   BANK44         

        CLASS   BANK43         

        CLASS   BANK42         

        CLASS   BANK41         

        CLASS   BANK40         

        CLASS   BANK39         

        CLASS   BANK38         

        CLASS   BANK37         

        CLASS   BANK36         

        CLASS   BANK35         

        CLASS   BANK34         

        CLASS   BANK33         

        CLASS   BANK32         

        CLASS   BANK31         

        CLASS   BANK30         

        CLASS   BANK29         

        CLASS   BANK28         

        CLASS   BANK27         

        CLASS   BANK26         



SEGMENTS        Name                           Load    Length   Top    Selector   Space  Class     Delta

                reset_vec                      000000  000002  000002         0       0  CODE        2
                intentry                       000004  0007FB  0007FF         8       0  CODE        2
                cstackBANK0                    000020  000050  000070        20       1  BANK0       1
                cstackCOMMON                   000070  00000E  00007E        70       1  COMMON      1
                cstackBANK1                    0000A0  000050  0000F0        A0       1  BANK1       1
                bssBANK2                       000120  000050  000170       120       1  BANK2       1
                nvBANK3                        0001A0  000004  0001A4       1A0       1  BANK3       1
                text56                         000800  00000B  00080B      1000       0  CODE        2
                text3                          00080B  0003DC  000BE7      1016       0  CODE        2
                text8                          000BE7  000419  001000      17CE       0  CODE        2
                text29                         001001  000003  001004      2002       0  CODE        2
                text46                         001004  000016  00101A      2008       0  CODE        2
                text19                         00101A  00008F  0010A9      2034       0  CODE        2
                text45                         0010A9  000238  0012E1      2152       0  CODE        2
                text41                         0012E1  000257  001538      25C2       0  CODE        2
                text10                         001538  0002D4  00180C      2A70       0  CODE        2
                text25                         00180C  000072  00187E      3018       0  CODE        2
                text65                         00187E  000122  0019A0      30FC       0  CODE        2
                maintext                       0019A0  00014D  001AED      3340       0  CODE        2
                text2                          001AED  000194  001C81      35DA       0  CODE        2
                text44                         001C81  0001B4  001E35      3902       0  CODE        2
                text9                          001E35  0001CB  002000      3C6A       0  CODE        2
                text47                         002002  000003  002005      4004       0  CODE        2
                text6                          002005  000013  002018      400A       0  CODE        2
                text57                         002018  000040  002058      4030       0  CODE        2
                text7                          002058  000041  002099      40B0       0  CODE        2
                text12                         002099  000048  0020E1      4132       0  CODE        2
                text16                         0020E1  00004F  002130      41C2       0  CODE        2
                text17                         002130  000054  002184      4260       0  CODE        2
                text55                         002184  00005B  0021DF      4308       0  CODE        2
                text37                         0021DF  00005F  00223E      43BE       0  CODE        2
                text18                         00223E  000060  00229E      447C       0  CODE        2
                text40                         00229E  000080  00231E      453C       0  CODE        2
                text67                         00231E  00008A  0023A8      463C       0  CODE        2
                text43                         0023A8  00008B  002433      4750       0  CODE        2
                text27                         002433  00008F  0024C2      4866       0  CODE        2
                text26                         0024C2  00008F  002551      4984       0  CODE        2
                text22                         002551  00008F  0025E0      4AA2       0  CODE        2
                text21                         0025E0  00008F  00266F      4BC0       0  CODE        2
                text20                         00266F  00008F  0026FE      4CDE       0  CODE        2
                text38                         0026FE  000102  002800      4DFC       0  CODE        2
                text63                         002D02  000003  002D05      5A04       0  CODE        2
                clrtext                        002D05  000006  002D0B      5A0A       0  CODE        2
                idataBANK2                     002D0B  000006  002D11      5A16       0  CODE        2
                text54                         002D11  000008  002D19      5A22       0  CODE        2
                text61                         002D19  000009  002D22      5A32       0  CODE        2
                text60                         002D22  000009  002D2B      5A44       0  CODE        2
                text59                         002D2B  000009  002D34      5A56       0  CODE        2
                text51                         002D34  000009  002D3D      5A68       0  CODE        2
                text36                         002D3D  000009  002D46      5A7A       0  CODE        2
                text35                         002D46  000009  002D4F      5A8C       0  CODE        2
                text34                         002D4F  000009  002D58      5A9E       0  CODE        2
                text33                         002D58  000009  002D61      5AB0       0  CODE        2
                text32                         002D61  000009  002D6A      5AC2       0  CODE        2
                text31                         002D6A  000009  002D73      5AD4       0  CODE        2
                text28                         002D73  00000C  002D7F      5AE6       0  CODE        2
                text52                         002D7F  00000D  002D8C      5AFE       0  CODE        2
                text49                         002D8C  00000E  002D9A      5B18       0  CODE        2
                text53                         002D9A  00000F  002DA9      5B34       0  CODE        2
                text23                         002DA9  000012  002DBB      5B52       0  CODE        2
                text50                         002DBB  00001E  002DD9      5B76       0  CODE        2
                text68                         002DD9  00001F  002DF8      5BB2       0  CODE        2
                text48                         002DF8  00001F  002E17      5BF0       0  CODE        2
                text14                         002E17  000020  002E37      5C2E       0  CODE        2
                text42                         002E37  000024  002E5B      5C6E       0  CODE        2
                text62                         002E5B  000025  002E80      5CB6       0  CODE        2
                text58                         002E80  000025  002EA5      5D00       0  CODE        2
                text11                         002EA5  000025  002ECA      5D4A       0  CODE        2
                text4                          002ECA  000026  002EF0      5D94       0  CODE        2
                text5                          002EF0  00002E  002F1E      5DE0       0  CODE        2
                text66                         002F1E  000034  002F52      5E3C       0  CODE        2
                text15                         002F52  000035  002F87      5EA4       0  CODE        2
                text1                          002F87  00003C  002FC3      5F0E       0  CODE        2
                text13                         002FC3  00003D  003000      5F86       0  CODE        2
                config                         008007  000005  00800C     1000E       0  CONFIG      2


UNUSED ADDRESS RANGES

        Name                Unused          Largest block    Delta
        BANK10           000520-00056F               50           1
        BANK11           0005A0-0005EF               50           1
        BANK12           000620-00066F               50           1
        BANK13           0006A0-0006EF               50           1
        BANK14           000720-00076F               50           1
        BANK15           0007A0-0007EF               50           1
        BANK16           000820-00086F               50           1
        BANK17           0008A0-0008EF               50           1
        BANK18           000920-00096F               50           1
        BANK19           0009A0-0009EF               50           1
        BANK20           000A20-000A6F               50           1
        BANK21           000AA0-000AEF               50           1
        BANK22           000B20-000B6F               50           1
        BANK23           000BA0-000BEF               50           1
        BANK24           000C20-000C6F               50           1
        BANK25           000CA0-000CBF               20           1
        BANK3            0001A4-0001EF               4C           1
        BANK4            000220-00026F               50           1
        BANK5            0002A0-0002EF               50           1
        BANK6            000320-00036F               50           1
        BANK7            0003A0-0003EF               50           1
        BANK8            000420-00046F               50           1
        BANK9            0004A0-0004EF               50           1
        BIGRAM           002000-0027EF              7F0           1
        CODE             000002-000003                2           2
                         0007FF-0007FF                1
                         001000-001000                1
                         002000-002001                2
                         002800-002D01              502
                         003000-003FFF              800
        CONST            000002-000003                2           2
                         0007FF-0007FF                1
                         001000-001000                1
                         002000-002001                2
                         002800-002D01              100
                         003000-003FFF              100
        EEDATA           00F000-00F0FF              100           2
        ENTRY            000002-000003                2           2
                         0007FF-0007FF                1
                         001000-001000                1
                         002000-002001                2
                         002800-002D01              100
                         003000-003FFF              100
        IDLOC            008000-008003                4           2
        RAM              0001A4-0001EF               4C           1
                         000220-00026F               50
                         0002A0-0002EF               50
                         000320-00036F               50
                         0003A0-0003EF               50
                         000420-00046F               50
                         0004A0-0004EF               50
                         000520-00056F               50
                         0005A0-0005EF               50
                         000620-00066F               50
                         0006A0-0006EF               50
                         000720-00076F               50
                         0007A0-0007EF               50
                         000820-00086F               50
                         0008A0-0008EF               50
                         000920-00096F               50
                         0009A0-0009EF               50
                         000A20-000A6F               50
                         000AA0-000AEF               50
                         000B20-000B6F               50
                         000BA0-000BEF               50
                         000C20-000C6F               50
                         000CA0-000CBF               20
        SFR0             000000-00001F               20           1
        SFR1             000080-00009F               20           1
        SFR10            000500-00051F               20           1
        SFR11            000580-00059F               20           1
        SFR12            000600-00061F               20           1
        SFR13            000680-00069F               20           1
        SFR14            000700-00071F               20           1
        SFR15            000780-00079F               20           1
        SFR16            000800-00081F               20           1
        SFR17            000880-00089F               20           1
        SFR18            000900-00091F               20           1
        SFR19            000980-00099F               20           1
        SFR2             000100-00011F               20           1
        SFR20            000A00-000A1F               20           1
        SFR21            000A80-000A9F               20           1
        SFR22            000B00-000B1F               20           1
        SFR23            000B80-000B9F               20           1
        SFR24            000C00-000C1F               20           1
        SFR25            000C80-000C9F               20           1
        SFR26            000D00-000D6F               70           1
        SFR27            000D80-000DEF               70           1
        SFR28            000E00-000E6F               70           1
        SFR29            000E80-000EEF               70           1
        SFR3             000180-00019F               20           1
        SFR30            000F00-000F6F               70           1
        SFR31            000F80-000FEF               70           1
        SFR32            001000-00106F               70           1
        SFR33            001080-0010EF               70           1
        SFR34            001100-00116F               70           1
        SFR35            001180-0011EF               70           1
        SFR36            001200-00126F               70           1
        SFR37            001280-0012EF               70           1
        SFR38            001300-00136F               70           1
        SFR39            001380-0013EF               70           1
        SFR4             000200-00021F               20           1
        SFR40            001400-00146F               70           1
        SFR41            001480-0014EF               70           1
        SFR42            001500-00156F               70           1
        SFR43            001580-0015EF               70           1
        SFR44            001600-00166F               70           1
        SFR45            001680-0016EF               70           1
        SFR46            001700-00176F               70           1
        SFR47            001780-0017EF               70           1
        SFR48            001800-00186F               70           1
        SFR49            001880-0018EF               70           1
        SFR5             000280-00029F               20           1
        SFR50            001900-00196F               70           1
        SFR51            001980-0019EF               70           1
        SFR52            001A00-001A6F               70           1
        SFR53            001A80-001AEF               70           1
        SFR54            001B00-001B6F               70           1
        SFR55            001B80-001BEF               70           1
        SFR56            001C00-001C6F               70           1
        SFR57            001C80-001CEF               70           1
        SFR58            001D00-001D6F               70           1
        SFR59            001D80-001DEF               70           1
        SFR6             000300-00031F               20           1
        SFR60            001E00-001E6F               70           1
        SFR61            001E80-001EEF               70           1
        SFR62            001F00-001F6F               70           1
        SFR63            001F80-001FEF               70           1
        SFR7             000380-00039F               20           1
        SFR8             000400-00041F               20           1
        SFR9             000480-00049F               20           1
        STACK            0020F4-0027EF              6FC           1
        STRCODE          000002-000003                2           2
                         0007FF-0007FF                1
                         001000-001000                1
                         002000-002001                2
                         002800-002D01              502
                         003000-003FFF             1000
        STRING           000002-000003                2           2
                         0007FF-0007FF                1
                         001000-001000                1
                         002000-002001                2
                         002800-002D01              100
                         003000-003FFF              100

                                  Symbol Table

?_ADCC_GetSingleConversion                      cstackBANK0  000020
?_ADC_CalcAvg                                   cstackBANK0  000028
?__Umul8_16                                     cstackBANK0  000020
?___awdiv                                       cstackBANK0  000020
?___awmod                                       cstackBANK0  000029
?___fladd                                       cstackBANK0  000037
?___fldiv                                       cstackBANK1  0000A0
?___flmul                                       cstackBANK0  000053
?___flsub                                       cstackBANK0  00004B
?___fltol                                       cstackBANK1  0000BA
?___lwdiv                                       cstackBANK0  000020
?___lwmod                                       cstackBANK0  000020
?___xxtofl                                      cstackBANK0  000029
?_adjustTemp                                    cstackBANK1  0000CC
?_calAmbTemp                                    cstackBANK1  0000BA
?_calObjTemp                                    cstackBANK1  0000BA
?_celToFah                                      cstackBANK1  0000A0
?_getTempFromSensor                             cstackBANK0  000034
?i1___lwmod                                     cstackCOMMON 000070
ADCC_GetSingleConversion@channel                cstackBANK0  000023
ADC_CalcAvg@AIP1_Total                          cstackBANK0  00002D
ADC_CalcAvg@InitialAIP1_Avg                     cstackBANK0  00002F
ADC_CalcAvg@channel                             cstackBANK0  00002C
ADC_CalcAvg@num                                 cstackBANK0  000033
ADC_CalcAvg@x                                   cstackBANK0  000031
EUSART1_SetErrorHandler@interruptHandler        cstackBANK0  000020
EUSART1_SetFramingErrorHandler@interruptHandler cstackBANK0  000020
EUSART1_SetOverrunErrorHandler@interruptHandler cstackBANK0  000020
EUSART1_Write@txData                            cstackBANK0  000020
LCD_NO_1_SYM06Num@num                           cstackBANK0  000022
LCD_NO_2_SYM00Num@num                           cstackBANK0  000022
LCD_NO_3_SYM07Num@num                           cstackBANK0  000022
LCD_NO_4_SYM08Num@num                           cstackBANK0  000022
LCD_NO_S1_SYM10Num@num                          cstackBANK0  000022
LCD_NO_S2_SYM09Num@num                          cstackBANK0  000022
TMR0_SetInterruptHandler@InterruptHandler       cstackBANK0  000020
_ACTCON                                         (abs)        000894
_ADACCH                                         (abs)        000097
_ADACCL                                         (abs)        000096
_ADACCU                                         (abs)        000098
_ADACQH                                         (abs)        00010D
_ADACQL                                         (abs)        00010C
_ADACT                                          (abs)        000117
_ADCAP                                          (abs)        00010E
_ADCC_GetSingleConversion                       text46       001004
_ADCC_Initialize                                text62       002E5B
_ADCLK                                          (abs)        000118
_ADCNT                                          (abs)        000099
_ADCON0                                         (abs)        000111
_ADCON0bits                                     (abs)        000111
_ADCON1                                         (abs)        000112
_ADCON1bits                                     (abs)        000112
_ADCON2                                         (abs)        000113
_ADCON2bits                                     (abs)        000113
_ADCON3                                         (abs)        000114
_ADCON3bits                                     (abs)        000114
_ADC_CalcAvg                                    text12       002099
_ADERRH                                         (abs)        000091
_ADERRL                                         (abs)        000090
_ADFLTRH                                        (abs)        000095
_ADFLTRL                                        (abs)        000094
_ADLTHH                                         (abs)        00008D
_ADLTHL                                         (abs)        00008C
_ADPCH                                          (abs)        00009F
_ADPREH                                         (abs)        000110
_ADPREL                                         (abs)        00010F
_ADPREVH                                        (abs)        00009C
_ADPREVL                                        (abs)        00009B
_ADREF                                          (abs)        000116
_ADRESH                                         (abs)        00009E
_ADRESL                                         (abs)        00009D
_ADRPT                                          (abs)        00009A
_ADSTAT                                         (abs)        000115
_ADSTATbits                                     (abs)        000115
_ADSTPTH                                        (abs)        000093
_ADSTPTL                                        (abs)        000092
_ADUTHH                                         (abs)        00008F
_ADUTHL                                         (abs)        00008E
_ANSELA                                         (abs)        001F38
_ANSELB                                         (abs)        001F43
_ANSELC                                         (abs)        001F4E
_ANSELD                                         (abs)        001F59
_ANSELE                                         (abs)        001F64
_ANSELF                                         (abs)        001E50
_BAUD1CON                                       (abs)        00011F
_CCPTMRS0bits                                   (abs)        00021E
_EUSART1_DefaultErrorHandler                    (abs)        000000
_EUSART1_DefaultFramingErrorHandler             (abs)        000000
_EUSART1_DefaultOverrunErrorHandler             (abs)        000000
_EUSART1_ErrorHandler                           nvBANK3      0001A0
_EUSART1_FramingErrorHandler                    nvBANK2      00015E
_EUSART1_Initialize                             text58       002E80
_EUSART1_OverrunErrorHandler                    nvBANK3      0001A2
_EUSART1_SetErrorHandler                        text61       002D19
_EUSART1_SetFramingErrorHandler                 text60       002D22
_EUSART1_SetOverrunErrorHandler                 text59       002D2B
_EUSART1_Write                                  text24       001800
_EUSART1_is_tx_ready                            text23       002DA9
_EUSART1_is_tx_ready$2085                       cstackBANK0  000020
_INLVLA                                         (abs)        001F3C
_INLVLB                                         (abs)        001F47
_INLVLC                                         (abs)        001F52
_INLVLD                                         (abs)        001F5D
_INLVLE                                         (abs)        001F68
_INLVLF                                         (abs)        001E54
_INTCONbits                                     (abs)        00000B
_INTERRUPT_InterruptManager                     intentry     000004
_IOCANbits                                      (abs)        001F3E
_IOCCFbits                                      (abs)        001F55
_IOCCNbits                                      (abs)        001F54
_LATA                                           (abs)        000018
_LATB                                           (abs)        000019
_LATC                                           (abs)        00001A
_LATCbits                                       (abs)        00001A
_LATD                                           (abs)        00001B
_LATDbits                                       (abs)        00001B
_LATE                                           (abs)        00001C
_LATF                                           (abs)        00001D
_LCDCON                                         (abs)        001D0C
_LCDCONbits                                     (abs)        001D0C
_LCDDATA0                                       (abs)        001D18
_LCDDATA0bits                                   (abs)        001D18
_LCDDATA1                                       (abs)        001D19
_LCDDATA10                                      (abs)        001D22
_LCDDATA12                                      (abs)        001D24
_LCDDATA12bits                                  (abs)        001D24
_LCDDATA13                                      (abs)        001D25
_LCDDATA13bits                                  (abs)        001D25
_LCDDATA14                                      (abs)        001D26
_LCDDATA14bits                                  (abs)        001D26
_LCDDATA15                                      (abs)        001D27
_LCDDATA15bits                                  (abs)        001D27
_LCDDATA16                                      (abs)        001D28
_LCDDATA18                                      (abs)        001D2A
_LCDDATA18bits                                  (abs)        001D2A
_LCDDATA19                                      (abs)        001D2B
_LCDDATA19bits                                  (abs)        001D2B
_LCDDATA1bits                                   (abs)        001D19
_LCDDATA2                                       (abs)        001D1A
_LCDDATA20                                      (abs)        001D2C
_LCDDATA20bits                                  (abs)        001D2C
_LCDDATA21                                      (abs)        001D2D
_LCDDATA21bits                                  (abs)        001D2D
_LCDDATA22                                      (abs)        001D2E
_LCDDATA24                                      (abs)        001D30
_LCDDATA25                                      (abs)        001D31
_LCDDATA26                                      (abs)        001D32
_LCDDATA27                                      (abs)        001D33
_LCDDATA28                                      (abs)        001D34
_LCDDATA2bits                                   (abs)        001D1A
_LCDDATA3                                       (abs)        001D1B
_LCDDATA30                                      (abs)        001D36
_LCDDATA31                                      (abs)        001D37
_LCDDATA32                                      (abs)        001D38
_LCDDATA33                                      (abs)        001D39
_LCDDATA34                                      (abs)        001D3A
_LCDDATA36                                      (abs)        001D3C
_LCDDATA37                                      (abs)        001D3D
_LCDDATA38                                      (abs)        001D3E
_LCDDATA39                                      (abs)        001D3F
_LCDDATA3bits                                   (abs)        001D1B
_LCDDATA4                                       (abs)        001D1C
_LCDDATA40                                      (abs)        001D40
_LCDDATA42                                      (abs)        001D42
_LCDDATA43                                      (abs)        001D43
_LCDDATA44                                      (abs)        001D44
_LCDDATA45                                      (abs)        001D45
_LCDDATA46                                      (abs)        001D46
_LCDDATA6                                       (abs)        001D1E
_LCDDATA6bits                                   (abs)        001D1E
_LCDDATA7                                       (abs)        001D1F
_LCDDATA7bits                                   (abs)        001D1F
_LCDDATA8                                       (abs)        001D20
_LCDDATA8bits                                   (abs)        001D20
_LCDDATA9                                       (abs)        001D21
_LCDDATA9bits                                   (abs)        001D21
_LCDPS                                          (abs)        001D0D
_LCDPSbits                                      (abs)        001D0D
_LCDREF                                         (abs)        001D16
_LCDREFbits                                     (abs)        001D16
_LCDRL                                          (abs)        001D17
_LCDRLbits                                      (abs)        001D17
_LCDSE0                                         (abs)        001D0E
_LCDSE1                                         (abs)        001D0F
_LCDSE2                                         (abs)        001D10
_LCDSE3                                         (abs)        001D11
_LCDSE4                                         (abs)        001D12
_LCDSE5                                         (abs)        001D13
_LCDVCON1                                       (abs)        001D14
_LCDVCON2                                       (abs)        001D15
_LCD_Clear                                      text30       0007DD
_LCD_Disable                                    text29       001001
_LCD_DisplayOff_NO_1_SYM06Num                   text36       002D3D
_LCD_DisplayOff_NO_2_SYM00Num                   text35       002D46
_LCD_DisplayOff_NO_3_SYM07Num                   text34       002D4F
_LCD_DisplayOff_NO_4_SYM08Num                   text33       002D58
_LCD_DisplayOff_NO_S1_SYM10Num                  text32       002D61
_LCD_DisplayOff_NO_S2_SYM09Num                  text31       002D6A
_LCD_Enable                                     text63       002D02
_LCD_Initialize                                 text57       002018
_LCD_NO_1_SYM06Num                              text22       002551
_LCD_NO_2_SYM00Num                              text21       0025E0
_LCD_NO_3_SYM07Num                              text27       002433
_LCD_NO_4_SYM08Num                              text26       0024C2
_LCD_NO_S1_SYM10Num                             text20       00266F
_LCD_NO_S2_SYM09Num                             text19       00101A
_NVMADRH                                        (abs)        00081B
_NVMADRL                                        (abs)        00081A
_NVMCON1bits                                    (abs)        00081E
_NVMCON2                                        (abs)        00081F
_NVMDATH                                        (abs)        00081D
_NVMDATL                                        (abs)        00081C
_ODCONA                                         (abs)        001F3A
_ODCONB                                         (abs)        001F45
_ODCONC                                         (abs)        001F50
_ODCOND                                         (abs)        001F5B
_ODCONE                                         (abs)        001F66
_ODCONF                                         (abs)        001E52
_OSCCON1                                        (abs)        00088D
_OSCCON3                                        (abs)        00088F
_OSCEN                                          (abs)        000891
_OSCFRQ                                         (abs)        000893
_OSCILLATOR_Initialize                          text56       000800
_OSCSTAT                                        (abs)        000890
_OSCTUNE                                        (abs)        000892
_OperationCheckTimer                            bssBANK2     00015D
_PIE0bits                                       (abs)        000716
_PIN_MANAGER_IOC                                text68       002DD9
_PIN_MANAGER_Initialize                         text55       002184
_PIR0bits                                       (abs)        00070C
_PIR3bits                                       (abs)        00070F
_PIR4bits                                       (abs)        000710
_PMD0                                           (abs)        000796
_PMD1                                           (abs)        000797
_PMD2                                           (abs)        000798
_PMD3                                           (abs)        000799
_PMD4                                           (abs)        00079A
_PMD5                                           (abs)        00079B
_PMD_Initialize                                 text54       002D11
_PORTAbits                                      (abs)        00000C
_PORTCbits                                      (abs)        00000E
_PORTDbits                                      (abs)        00000F
_PR2                                            (abs)        00028D
_PWM3CON                                        (abs)        000316
_PWM3DCH                                        (abs)        000315
_PWM3DCL                                        (abs)        000314
_PWM3_Initialize                                text53       002D9A
_PWM4CON                                        (abs)        00031A
_PWM4DCH                                        (abs)        000319
_PWM4DCL                                        (abs)        000318
_PWM4_Initialize                                text52       002D7F
_RB6PPS                                         (abs)        001F1E
_RC1REG                                         (abs)        000119
_RC1STA                                         (abs)        00011D
_RC1STAbits                                     (abs)        00011D
_RD3PPS                                         (abs)        001F2B
_RD6PPS                                         (abs)        001F2E
_SLRCONA                                        (abs)        001F3B
_SLRCONB                                        (abs)        001F46
_SLRCONC                                        (abs)        001F51
_SLRCOND                                        (abs)        001F5C
_SLRCONE                                        (abs)        001F67
_SLRCONF                                        (abs)        001E53
_SP1BRGH                                        (abs)        00011C
_SP1BRGL                                        (abs)        00011B
_STATUSbits                                     (abs)        000003
_SYSTEM_Initialize                              text48       002DF8
_T0CON0                                         (abs)        00059E
_T0CON0bits                                     (abs)        00059E
_T0CON1                                         (abs)        00059F
_T2CLKCON                                       (abs)        000290
_T2CON                                          (abs)        00028E
_T2CONbits                                      (abs)        00028E
_T2HLT                                          (abs)        00028F
_T2HLTbits                                      (abs)        00028F
_T2PR                                           (abs)        00028D
_T2RST                                          (abs)        000291
_T2RSTbits                                      (abs)        000291
_T2TMR                                          (abs)        00028C
_TMR0H                                          (abs)        00059D
_TMR0L                                          (abs)        00059C
_TMR0_ISR                                       text65       00187E
_TMR0_Initialize                                text50       002DBB
_TMR0_InterruptHandler                          nvBANK2      000160
_TMR0_SetInterruptHandler                       text51       002D34
_TMR0_StartTimer                                text47       002002
_TMR2                                           (abs)        00028C
_TMR2_Initialize                                text49       002D8C
_TRISA                                          (abs)        000012
_TRISB                                          (abs)        000013
_TRISC                                          (abs)        000014
_TRISD                                          (abs)        000015
_TRISDbits                                      (abs)        000015
_TRISE                                          (abs)        000016
_TRISF                                          (abs)        000017
_TX1REG                                         (abs)        00011A
_TX1STA                                         (abs)        00011E
_TX1STAbits                                     (abs)        00011E
_Tobject                                        bssBANK2     000149
_WPUA                                           (abs)        001F39
_WPUB                                           (abs)        001F44
_WPUC                                           (abs)        001F4F
_WPUD                                           (abs)        001F5A
_WPUE                                           (abs)        001F65
_WPUF                                           (abs)        001E51
__CFG_BBEN$OFF                                  (abs)        000000
__CFG_BBSIZE$512                                (abs)        000000
__CFG_BOREN$ON                                  (abs)        000000
__CFG_BORV$LO                                   (abs)        000000
__CFG_CLKOUTEN$OFF                              (abs)        000000
__CFG_CP$OFF                                    (abs)        000000
__CFG_CSWEN$ON                                  (abs)        000000
__CFG_FCMEN$ON                                  (abs)        000000
__CFG_FEXTOSC$OFF                               (abs)        000000
__CFG_LCDPEN$OFF                                (abs)        000000
__CFG_LPBOREN$OFF                               (abs)        000000
__CFG_LVP$ON                                    (abs)        000000
__CFG_MCLRE$ON                                  (abs)        000000
__CFG_PPS1WAY$ON                                (abs)        000000
__CFG_PWRTE$OFF                                 (abs)        000000
__CFG_RSTOSC$HFINT1                             (abs)        000000
__CFG_SAFEN$OFF                                 (abs)        000000
__CFG_STVREN$ON                                 (abs)        000000
__CFG_VBATEN$OFF                                (abs)        000000
__CFG_WDTCCS$SC                                 (abs)        000000
__CFG_WDTCPS$WDTCPS_31                          (abs)        000000
__CFG_WDTCWS$WDTCWS_7                           (abs)        000000
__CFG_WDTE$OFF                                  (abs)        000000
__CFG_WRTAPP$OFF                                (abs)        000000
__CFG_WRTB$OFF                                  (abs)        000000
__CFG_WRTC$OFF                                  (abs)        000000
__CFG_WRTD$OFF                                  (abs)        000000
__CFG_WRTSAF$OFF                                (abs)        000000
__CFG_ZCD$OFF                                   (abs)        000000
__Habs1                                         abs1         000000
__Hbank0                                        bank0        000000
__Hbank1                                        bank1        000000
__Hbank10                                       bank10       000000
__Hbank11                                       bank11       000000
__Hbank12                                       bank12       000000
__Hbank13                                       bank13       000000
__Hbank14                                       bank14       000000
__Hbank15                                       bank15       000000
__Hbank16                                       bank16       000000
__Hbank17                                       bank17       000000
__Hbank18                                       bank18       000000
__Hbank19                                       bank19       000000
__Hbank2                                        bank2        000000
__Hbank20                                       bank20       000000
__Hbank21                                       bank21       000000
__Hbank22                                       bank22       000000
__Hbank23                                       bank23       000000
__Hbank24                                       bank24       000000
__Hbank25                                       bank25       000000
__Hbank26                                       bank26       000000
__Hbank27                                       bank27       000000
__Hbank28                                       bank28       000000
__Hbank29                                       bank29       000000
__Hbank3                                        bank3        000000
__Hbank30                                       bank30       000000
__Hbank31                                       bank31       000000
__Hbank32                                       bank32       000000
__Hbank33                                       bank33       000000
__Hbank34                                       bank34       000000
__Hbank35                                       bank35       000000
__Hbank36                                       bank36       000000
__Hbank37                                       bank37       000000
__Hbank38                                       bank38       000000
__Hbank39                                       bank39       000000
__Hbank4                                        bank4        000000
__Hbank40                                       bank40       000000
__Hbank41                                       bank41       000000
__Hbank42                                       bank42       000000
__Hbank43                                       bank43       000000
__Hbank44                                       bank44       000000
__Hbank45                                       bank45       000000
__Hbank46                                       bank46       000000
__Hbank47                                       bank47       000000
__Hbank48                                       bank48       000000
__Hbank49                                       bank49       000000
__Hbank5                                        bank5        000000
__Hbank50                                       bank50       000000
__Hbank51                                       bank51       000000
__Hbank52                                       bank52       000000
__Hbank53                                       bank53       000000
__Hbank54                                       bank54       000000
__Hbank55                                       bank55       000000
__Hbank56                                       bank56       000000
__Hbank57                                       bank57       000000
__Hbank58                                       bank58       000000
__Hbank59                                       bank59       000000
__Hbank6                                        bank6        000000
__Hbank60                                       bank60       000000
__Hbank61                                       bank61       000000
__Hbank62                                       bank62       000000
__Hbank63                                       bank63       000000
__Hbank7                                        bank7        000000
__Hbank8                                        bank8        000000
__Hbank9                                        bank9        000000
__Hbigram                                       bigram       000000
__HbssBANK1                                     bssBANK1     000000
__HbssBANK2                                     bssBANK2     000000
__Hcinit                                        cinit        000041
__Hclrtext                                      clrtext      000000
__Hcode                                         code         000000
__Hcommon                                       common       000000
__Hconfig                                       config       00800C
__HcstackBANK0                                  cstackBANK0  000000
__HcstackBANK1                                  cstackBANK1  000000
__HcstackBANK2                                  cstackBANK2  000000
__HcstackCOMMON                                 cstackCOMMON 000000
__HdataBANK2                                    dataBANK2    000000
__Heeprom_data                                  eeprom_data  000000
__Hend_init                                     end_init     000022
__Hfunctab                                      functab      000000
__HidataBANK2                                   idataBANK2   000000
__Hidloc                                        idloc        000000
__Hinit                                         init         000020
__Hintentry                                     intentry     000020
__Hmaintext                                     maintext     000000
__HnvBANK2                                      nvBANK2      000000
__HnvBANK3                                      nvBANK3      000000
__Hpowerup                                      powerup      000000
__Hram                                          ram          000000
__Hreset_vec                                    reset_vec    000002
__Hsfr0                                         sfr0         000000
__Hsfr1                                         sfr1         000000
__Hsfr10                                        sfr10        000000
__Hsfr11                                        sfr11        000000
__Hsfr12                                        sfr12        000000
__Hsfr13                                        sfr13        000000
__Hsfr14                                        sfr14        000000
__Hsfr15                                        sfr15        000000
__Hsfr16                                        sfr16        000000
__Hsfr17                                        sfr17        000000
__Hsfr18                                        sfr18        000000
__Hsfr19                                        sfr19        000000
__Hsfr2                                         sfr2         000000
__Hsfr20                                        sfr20        000000
__Hsfr21                                        sfr21        000000
__Hsfr22                                        sfr22        000000
__Hsfr23                                        sfr23        000000
__Hsfr24                                        sfr24        000000
__Hsfr25                                        sfr25        000000
__Hsfr26                                        sfr26        000000
__Hsfr27                                        sfr27        000000
__Hsfr28                                        sfr28        000000
__Hsfr29                                        sfr29        000000
__Hsfr3                                         sfr3         000000
__Hsfr30                                        sfr30        000000
__Hsfr31                                        sfr31        000000
__Hsfr32                                        sfr32        000000
__Hsfr33                                        sfr33        000000
__Hsfr34                                        sfr34        000000
__Hsfr35                                        sfr35        000000
__Hsfr36                                        sfr36        000000
__Hsfr37                                        sfr37        000000
__Hsfr38                                        sfr38        000000
__Hsfr39                                        sfr39        000000
__Hsfr4                                         sfr4         000000
__Hsfr40                                        sfr40        000000
__Hsfr41                                        sfr41        000000
__Hsfr42                                        sfr42        000000
__Hsfr43                                        sfr43        000000
__Hsfr44                                        sfr44        000000
__Hsfr45                                        sfr45        000000
__Hsfr46                                        sfr46        000000
__Hsfr47                                        sfr47        000000
__Hsfr48                                        sfr48        000000
__Hsfr49                                        sfr49        000000
__Hsfr5                                         sfr5         000000
__Hsfr50                                        sfr50        000000
__Hsfr51                                        sfr51        000000
__Hsfr52                                        sfr52        000000
__Hsfr53                                        sfr53        000000
__Hsfr54                                        sfr54        000000
__Hsfr55                                        sfr55        000000
__Hsfr56                                        sfr56        000000
__Hsfr57                                        sfr57        000000
__Hsfr58                                        sfr58        000000
__Hsfr59                                        sfr59        000000
__Hsfr6                                         sfr6         000000
__Hsfr60                                        sfr60        000000
__Hsfr61                                        sfr61        000000
__Hsfr62                                        sfr62        000000
__Hsfr63                                        sfr63        000000
__Hsfr7                                         sfr7         000000
__Hsfr8                                         sfr8         000000
__Hsfr9                                         sfr9         000000
__Hspace_0                                      (abs)        00800C
__Hspace_1                                      (abs)        0001A4
__Hspace_2                                      (abs)        000000
__Hspace_3                                      (abs)        000000
__Hstack                                        stack        000000
__Hstrings                                      strings      000000
__Htext                                         text         000000
__Labs1                                         abs1         000000
__Lbank0                                        bank0        000000
__Lbank1                                        bank1        000000
__Lbank10                                       bank10       000000
__Lbank11                                       bank11       000000
__Lbank12                                       bank12       000000
__Lbank13                                       bank13       000000
__Lbank14                                       bank14       000000
__Lbank15                                       bank15       000000
__Lbank16                                       bank16       000000
__Lbank17                                       bank17       000000
__Lbank18                                       bank18       000000
__Lbank19                                       bank19       000000
__Lbank2                                        bank2        000000
__Lbank20                                       bank20       000000
__Lbank21                                       bank21       000000
__Lbank22                                       bank22       000000
__Lbank23                                       bank23       000000
__Lbank24                                       bank24       000000
__Lbank25                                       bank25       000000
__Lbank26                                       bank26       000000
__Lbank27                                       bank27       000000
__Lbank28                                       bank28       000000
__Lbank29                                       bank29       000000
__Lbank3                                        bank3        000000
__Lbank30                                       bank30       000000
__Lbank31                                       bank31       000000
__Lbank32                                       bank32       000000
__Lbank33                                       bank33       000000
__Lbank34                                       bank34       000000
__Lbank35                                       bank35       000000
__Lbank36                                       bank36       000000
__Lbank37                                       bank37       000000
__Lbank38                                       bank38       000000
__Lbank39                                       bank39       000000
__Lbank4                                        bank4        000000
__Lbank40                                       bank40       000000
__Lbank41                                       bank41       000000
__Lbank42                                       bank42       000000
__Lbank43                                       bank43       000000
__Lbank44                                       bank44       000000
__Lbank45                                       bank45       000000
__Lbank46                                       bank46       000000
__Lbank47                                       bank47       000000
__Lbank48                                       bank48       000000
__Lbank49                                       bank49       000000
__Lbank5                                        bank5        000000
__Lbank50                                       bank50       000000
__Lbank51                                       bank51       000000
__Lbank52                                       bank52       000000
__Lbank53                                       bank53       000000
__Lbank54                                       bank54       000000
__Lbank55                                       bank55       000000
__Lbank56                                       bank56       000000
__Lbank57                                       bank57       000000
__Lbank58                                       bank58       000000
__Lbank59                                       bank59       000000
__Lbank6                                        bank6        000000
__Lbank60                                       bank60       000000
__Lbank61                                       bank61       000000
__Lbank62                                       bank62       000000
__Lbank63                                       bank63       000000
__Lbank7                                        bank7        000000
__Lbank8                                        bank8        000000
__Lbank9                                        bank9        000000
__Lbigram                                       bigram       000000
__LbssBANK1                                     bssBANK1     000000
__LbssBANK2                                     bssBANK2     000000
__Lcinit                                        cinit        000022
__Lclrtext                                      clrtext      000000
__Lcode                                         code         000000
__Lcommon                                       common       000000
__Lconfig                                       config       008007
__LcstackBANK0                                  cstackBANK0  000000
__LcstackBANK1                                  cstackBANK1  000000
__LcstackBANK2                                  cstackBANK2  000000
__LcstackCOMMON                                 cstackCOMMON 000000
__LdataBANK2                                    dataBANK2    000000
__Leeprom_data                                  eeprom_data  000000
__Lend_init                                     end_init     000020
[...]
 Hardware stack levels required when called:    3
 This function calls:
		Nothing
 This function is called by:
		_EUSART1_Initialize
 This function uses a non-reentrant model


 *************** function _ADCC_Initialize *****************
 Defined at:
		line 63 in file "mcc_generated_files/adcc.c"
 Parameters:    Size  Location     Type
		None
 Auto vars:     Size  Location     Type
		None
 Return value:  Size  Location     Type
                  1    wreg      void 
 Registers used:
		wreg, status,2
 Tracked objects:
		On entry : 
		On exit  : 
		Unchanged: 
 Data sizes:     COMMON   BANK0   BANK1   BANK2   BANK3   BANK4   BANK5   BANK6   BANK7   BANK8   BANK9  BANK10  BANK11  BANK12  BANK13  BANK14  BANK15  BANK16  BANK17  BANK18  BANK19  BANK20  BANK21  BANK22  BANK23  BANK24  BANK25
      Params:         0       0       0       0       0       0       0       0       0       0       0       0       0       0       0       0       0       0       0       0       0       0       0       0       0       0       0
      Locals:         0       0       0       0       0       0       0       0       0       0       0       0       0       0       0       0       0       0       0       0       0       0       0       0       0       0       0
      Temps:          0       0       0       0       0       0       0       0       0       0       0       0       0       0       0       0       0       0       0       0       0       0       0       0       0       0       0
      Totals:         0       0       0       0       0       0       0       0       0       0       0       0       0       0       0       0       0       0       0       0       0       0       0       0       0       0       0
Total ram usage:        0 bytes
 Hardware stack levels used:    1
 Hardware stack levels required when called:    3
 This function calls:
		Nothing
 This function is called by:
		_SYSTEM_Initialize
 This function uses a non-reentrant model


 *************** function _LCD_Enable *****************
 Defined at:
		line 134 in file "mcc_generated_files/lcd.c"
 Parameters:    Size  Location     Type
		None
 Auto vars:     Size  Location     Type
		None
 Return value:  Size  Location     Type
                  1    wreg      void 
 Registers used:
		None
 Tracked objects:
		On entry : 
		On exit  : 
		Unchanged: 
 Data sizes:     COMMON   BANK0   BANK1   BANK2   BANK3   BANK4   BANK5   BANK6   BANK7   BANK8   BANK9  BANK10  BANK11  BANK12  BANK13  BANK14  BANK15  BANK16  BANK17  BANK18  BANK19  BANK20  BANK21  BANK22  BANK23  BANK24  BANK25
      Params:         0       0       0       0       0       0       0       0       0       0       0       0       0       0       0       0       0       0       0       0       0       0       0       0       0       0       0
      Locals:         0       0       0       0       0       0       0       0       0       0       0       0       0       0       0       0       0       0       0       0       0       0       0       0       0       0       0
      Temps:          0       0       0       0       0       0       0       0       0       0       0       0       0       0       0       0       0       0       0       0       0       0       0       0       0       0       0
      Totals:         0       0       0       0       0       0       0       0       0       0       0       0       0       0       0       0       0       0       0       0       0       0       0       0       0       0       0
Total ram usage:        0 bytes
 Hardware stack levels used:    1
 Hardware stack levels required when called:    3
 This function calls:
		Nothing
 This function is called by:
		_main
 This function uses a non-reentrant model


 *************** function _INTERRUPT_InterruptManager *****************
 Defined at:
		line 52 in file "mcc_generated_files/interrupt_manager.c"
 Parameters:    Size  Location     Type
		None
 Auto vars:     Size  Location     Type
		None
 Return value:  Size  Location     Type
                  1    wreg      void 
 Registers used:
		wreg, status,2, status,0, pclath, cstack
 Tracked objects:
		On entry : 
		On exit  : 
		Unchanged: 
 Data sizes:     COMMON   BANK0   BANK1   BANK2   BANK3   BANK4   BANK5   BANK6   BANK7   BANK8   BANK9  BANK10  BANK11  BANK12  BANK13  BANK14  BANK15  BANK16  BANK17  BANK18  BANK19  BANK20  BANK21  BANK22  BANK23  BANK24  BANK25
      Params:         0       0       0       0       0       0       0       0       0       0       0       0       0       0       0       0       0       0       0       0       0       0       0       0       0       0       0
      Locals:         0       0       0       0       0       0       0       0       0       0       0       0       0       0       0       0       0       0       0       0       0       0       0       0       0       0       0
      Temps:          0       0       0       0       0       0       0       0       0       0       0       0       0       0       0       0       0       0       0       0       0       0       0       0       0       0       0
      Totals:         0       0       0       0       0       0       0       0       0       0       0       0       0       0       0       0       0       0       0       0       0       0       0       0       0       0       0
Total ram usage:        0 bytes
 Hardware stack levels used:    1
 Hardware stack levels required when called:    2
 This function calls:
		_PIN_MANAGER_IOC
		_TMR0_ISR
 This function is called by:
		Interrupt level 1
 This function uses a non-reentrant model


 *************** function _TMR0_ISR *****************
 Defined at:
		line 137 in file "mcc_generated_files/tmr0.c"
 Parameters:    Size  Location     Type
		None
 Auto vars:     Size  Location     Type
		None
 Return value:  Size  Location     Type
                  1    wreg      void 
 Registers used:
		wreg, status,2, status,0, pclath, cstack
 Tracked objects:
		On entry : 
		On exit  : 
		Unchanged: 
 Data sizes:     COMMON   BANK0   BANK1   BANK2   BANK3   BANK4   BANK5   BANK6   BANK7   BANK8   BANK9  BANK10  BANK11  BANK12  BANK13  BANK14  BANK15  BANK16  BANK17  BANK18  BANK19  BANK20  BANK21  BANK22  BANK23  BANK24  BANK25
      Params:         0       0       0       0       0       0       0       0       0       0       0       0       0       0       0       0       0       0       0       0       0       0       0       0       0       0       0
      Locals:         0       0       0       0       0       0       0       0       0       0       0       0       0       0       0       0       0       0       0       0       0       0       0       0       0       0       0
      Temps:          2       0       0       0       0       0       0       0       0       0       0       0       0       0       0       0       0       0       0       0       0       0       0       0       0       0       0
      Totals:         2       0       0       0       0       0       0       0       0       0       0       0       0       0       0       0       0       0       0       0       0       0       0       0       0       0       0
Total ram usage:        2 bytes
 Hardware stack levels used:    1
 Hardware stack levels required when called:    1
 This function calls:
		i1___flge
		i1___lwmod
 This function is called by:
		_TMR0_Initialize
		_INTERRUPT_InterruptManager
		_TMR0_DefaultInterruptHandler
 This function uses a non-reentrant model


 *************** function i1___lwmod *****************
 Defined at:
		line 5 in file "C:\Program Files (x86)\Microchip\xc8\v2.10\pic\sources\c99\common\lwmod.c"
 Parameters:    Size  Location     Type
  divisor         2    0[COMMON] unsigned int 
  dividend        2    2[COMMON] unsigned int 
 Auto vars:     Size  Location     Type
  __lwmod         1    5[COMMON] unsigned char 
 Return value:  Size  Location     Type
                  2    0[COMMON] unsigned int 
 Registers used:
		wreg, status,2, status,0
 Tracked objects:
		On entry : 
		On exit  : 
		Unchanged: 
 Data sizes:     COMMON   BANK0   BANK1   BANK2   BANK3   BANK4   BANK5   BANK6   BANK7   BANK8   BANK9  BANK10  BANK11  BANK12  BANK13  BANK14  BANK15  BANK16  BANK17  BANK18  BANK19  BANK20  BANK21  BANK22  BANK23  BANK24  BANK25
      Params:         4       0       0       0       0       0       0       0       0       0       0       0       0       0       0       0       0       0       0       0       0       0       0       0       0       0       0
      Locals:         1       0       0       0       0       0       0       0       0       0       0       0       0       0       0       0       0       0       0       0       0       0       0       0       0       0       0
      Temps:          1       0       0       0       0       0       0       0       0       0       0       0       0       0       0       0       0       0       0       0       0       0       0       0       0       0       0
      Totals:         6       0       0       0       0       0       0       0       0       0       0       0       0       0       0       0       0       0       0       0       0       0       0       0       0       0       0
Total ram usage:        6 bytes
 Hardware stack levels used:    1
 This function calls:
		Nothing
 This function is called by:
		_TMR0_ISR
 This function uses a non-reentrant model


 *************** function i1___flge *****************
 Defined at:
		line 4 in file "C:\Program Files (x86)\Microchip\xc8\v2.10\pic\sources\c99\common\flge.c"
 Parameters:    Size  Location     Type
  ff1             4    0[COMMON] unsigned int 
  ff2             4    4[COMMON] unsigned int 
 Auto vars:     Size  Location     Type
		None
 Return value:  Size  Location     Type
		None               void
 Registers used:
		wreg, status,2, status,0
 Tracked objects:
		On entry : 
		On exit  : 
		Unchanged: 
 Data sizes:     COMMON   BANK0   BANK1   BANK2   BANK3   BANK4   BANK5   BANK6   BANK7   BANK8   BANK9  BANK10  BANK11  BANK12  BANK13  BANK14  BANK15  BANK16  BANK17  BANK18  BANK19  BANK20  BANK21  BANK22  BANK23  BANK24  BANK25
      Params:         8       0       0       0       0       0       0       0       0       0       0       0       0       0       0       0       0       0       0       0       0       0       0       0       0       0       0
      Locals:         0       0       0       0       0       0       0       0       0       0       0       0       0       0       0       0       0       0       0       0       0       0       0       0       0       0       0
      Temps:          4       0       0       0       0       0       0       0       0       0       0       0       0       0       0       0       0       0       0       0       0       0       0       0       0       0       0
      Totals:        12       0       0       0       0       0       0       0       0       0       0       0       0       0       0       0       0       0       0       0       0       0       0       0       0       0       0
Total ram usage:       12 bytes
 Hardware stack levels used:    1
 This function calls:
		Nothing
 This function is called by:
		_TMR0_ISR
 This function uses a non-reentrant model


 *************** function _PIN_MANAGER_IOC *****************
 Defined at:
		line 182 in file "mcc_generated_files/pin_manager.c"
 Parameters:    Size  Location     Type
		None
 Auto vars:     Size  Location     Type
		None
 Return value:  Size  Location     Type
                  1    wreg      void 
 Registers used:
		None
 Tracked objects:
		On entry : 
		On exit  : 
		Unchanged: 
 Data sizes:     COMMON   BANK0   BANK1   BANK2   BANK3   BANK4   BANK5   BANK6   BANK7   BANK8   BANK9  BANK10  BANK11  BANK12  BANK13  BANK14  BANK15  BANK16  BANK17  BANK18  BANK19  BANK20  BANK21  BANK22  BANK23  BANK24  BANK25
      Params:         0       0       0       0       0       0       0       0       0       0       0       0       0       0       0       0       0       0       0       0       0       0       0       0       0       0       0
      Locals:         0       0       0       0       0       0       0       0       0       0       0       0       0       0       0       0       0       0       0       0       0       0       0       0       0       0       0
      Temps:          0       0       0       0       0       0       0       0       0       0       0       0       0       0       0       0       0       0       0       0       0       0       0       0       0       0       0
      Totals:         0       0       0       0       0       0       0       0       0       0       0       0       0       0       0       0       0       0       0       0       0       0       0       0       0       0       0
Total ram usage:        0 bytes
 Hardware stack levels used:    1
 This function calls:
		Nothing
 This function is called by:
		_INTERRUPT_InterruptManager
 This function uses a non-reentrant model



MODULE INFORMATION

Module		Function		Class		Link	Load	Size
C:\Program Files (x86)\Microchip\xc8\v2.10\pic\sources\c99\pic\__eeread.c
		_eeprom_read   		CODE           	2005	0000	20

C:\Program Files (x86)\Microchip\xc8\v2.10\pic\sources\c99\pic\__eeread.c estimated size: 20

C:\Program Files (x86)\Microchip\xc8\v2.10\pic\sources\c99\pic\__eewrite.c
		_eeprom_write  		CODE           	2EF0	0000	47

C:\Program Files (x86)\Microchip\xc8\v2.10\pic\sources\c99\pic\__eewrite.c estimated size: 47

C:\Program Files (x86)\Microchip\xc8\v2.10\pic\sources\c99\common\fleq.c
		___fleq        		CODE           	20E1	0000	80

C:\Program Files (x86)\Microchip\xc8\v2.10\pic\sources\c99\common\fleq.c estimated size: 80

mcc_generated_files/pwm4.c
		_PWM4_Initialize		CODE           	2D7F	0000	14

mcc_generated_files/pwm4.c estimated size: 14

C:\Program Files (x86)\Microchip\xc8\v2.10\pic\sources\c99\common\xxtofl.c
		___xxtofl      		CODE           	0730	0000	174

C:\Program Files (x86)\Microchip\xc8\v2.10\pic\sources\c99\common\xxtofl.c estimated size: 174

mcc_generated_files/tmr2.c
		_TMR2_Initialize		CODE           	2D8C	0000	15

mcc_generated_files/tmr2.c estimated size: 15

mcc_generated_files/interrupt_manager.c
		_INTERRUPT_InterruptManager		CODE           	0004	0000	29

mcc_generated_files/interrupt_manager.c estimated size: 29

C:\Program Files (x86)\Microchip\xc8\v2.10\pic\sources\c99\common\lwdiv.c
		___lwdiv       		CODE           	2FC3	0000	62

C:\Program Files (x86)\Microchip\xc8\v2.10\pic\sources\c99\common\lwdiv.c estimated size: 62

C:\Program Files (x86)\Microchip\xc8\v2.10\pic\sources\c99\common\awdiv.c
		___awdiv       		CODE           	223E	0000	97

C:\Program Files (x86)\Microchip\xc8\v2.10\pic\sources\c99\common\awdiv.c estimated size: 97

C:\Program Files (x86)\Microchip\xc8\v2.10\pic\sources\c99\common\fltol.c
		___fltol       		CODE           	229E	0000	129

C:\Program Files (x86)\Microchip\xc8\v2.10\pic\sources\c99\common\fltol.c estimated size: 129

mcc_generated_files/tmr0.c
		_TMR0_SetInterruptHandler		CODE           	2D34	0000	10
		_TMR0_StartTimer		CODE           	2002	0000	4
		_TMR0_ISR      		CODE           	187E	0000	291
		_TMR0_Initialize		CODE           	2DBB	0000	31

mcc_generated_files/tmr0.c estimated size: 336

mcc_generated_files/pin_manager.c
		_PIN_MANAGER_Initialize		CODE           	2184	0000	92
		_PIN_MANAGER_IOC		CODE           	2DD9	0000	32

mcc_generated_files/pin_manager.c estimated size: 124

C:\Program Files (x86)\Microchip\xc8\v2.10\pic\sources\c99\common\sprcmul.c
		___flmul       		CODE           	12E1	0000	600

C:\Program Files (x86)\Microchip\xc8\v2.10\pic\sources\c99\common\sprcmul.c estimated size: 600

mcc_generated_files/temp.c
		_adjustTemp    		CODE           	0BE7	0000	1050
		_calAmbTemp    		CODE           	1538	0000	2488
		_calObjTemp    		CODE           	1E35	0000	460

mcc_generated_files/temp.c estimated size: 3998

C:\Program Files (x86)\Microchip\xc8\v2.10\pic\sources\c99\common\sprcdiv.c
		___fldiv       		CODE           	1C81	0000	437

C:\Program Files (x86)\Microchip\xc8\v2.10\pic\sources\c99\common\sprcdiv.c estimated size: 437

C:\Program Files (x86)\Microchip\xc8\v2.10\pic\sources\c99\common\flge.c
		___flge        		CODE           	23A8	0000	140

C:\Program Files (x86)\Microchip\xc8\v2.10\pic\sources\c99\common\flge.c estimated size: 140

shared
		i1___lwmod     		CODE           	2F1E	0000	53
		__initialization		CODE           	0022	0000	28
		i1___flge      		CODE           	231E	0000	139

shared estimated size: 220

mcc_generated_files/eusart1.c
		_EUSART1_is_tx_ready		CODE           	2DA9	0000	19
		_EUSART1_Initialize		CODE           	2E80	0000	38
		_EUSART1_SetFramingErrorHandler		CODE           	2D22	0000	10
		_EUSART1_SetOverrunErrorHandler		CODE           	2D2B	0000	10
		_EUSART1_SetErrorHandler		CODE           	2D19	0000	10
		_EUSART1_Write 		CODE           	1800	0000	13

mcc_generated_files/eusart1.c estimated size: 100

mcc_generated_files/mcc.c
		_PMD_Initialize		CODE           	2D11	0000	9
		_OSCILLATOR_Initialize		CODE           	0800	0000	12
		_SYSTEM_Initialize		CODE           	2DF8	0000	32

mcc_generated_files/mcc.c estimated size: 53

mcc_generated_files/pwm3.c
		_PWM3_Initialize		CODE           	2D9A	0000	16

mcc_generated_files/pwm3.c estimated size: 16

C:\Program Files (x86)\Microchip\xc8\v2.10\pic\sources\c99\common\sprcadd.c
		___flsub       		CODE           	2E17	0000	33
		___fladd       		CODE           	10A9	0000	569

C:\Program Files (x86)\Microchip\xc8\v2.10\pic\sources\c99\common\sprcadd.c estimated size: 602

mcc_generated_files/lcd.c
		_LCD_DisplayOff_NO_S1_SYM10Num		CODE           	2D61	0000	10
		_LCD_DisplayOff_NO_S2_SYM09Num		CODE           	2D6A	0000	10
		_LCD_Initialize		CODE           	2018	0000	65
		_LCD_Disable   		CODE           	1001	0000	4
		_LCD_DisplayOff_NO_1_SYM06Num		CODE           	2D3D	0000	10
		_LCD_DisplayOff_NO_2_SYM00Num		CODE           	2D46	0000	10
		_LCD_DisplayOff_NO_3_SYM07Num		CODE           	2D4F	0000	10
		_LCD_DisplayOff_NO_4_SYM08Num		CODE           	2D58	0000	10
		_LCD_NO_2_SYM00Num		CODE           	25E0	0000	144
		_LCD_NO_1_SYM06Num		CODE           	2551	0000	144
		_LCD_NO_3_SYM07Num		CODE           	2433	0000	144
		_LCD_NO_4_SYM08Num		CODE           	24C2	0000	144
		_LCD_Clear     		CODE           	07DD	0000	35
		_LCD_NO_S1_SYM10Num		CODE           	266F	0000	144
		_LCD_NO_S2_SYM09Num		CODE           	101A	0000	144
		_LCD_Enable    		CODE           	2D02	0000	4

mcc_generated_files/lcd.c estimated size: 1032

C:\Program Files (x86)\Microchip\xc8\v2.10\pic\sources\c99\common\Umul8_16.c
		__Umul8_16     		CODE           	2E37	0000	37

C:\Program Files (x86)\Microchip\xc8\v2.10\pic\sources\c99\common\Umul8_16.c estimated size: 37

mcc_generated_files/adcc.c
		_ADCC_GetSingleConversion		CODE           	1004	0000	23
		_ADCC_Initialize		CODE           	2E5B	0000	38

mcc_generated_files/adcc.c estimated size: 61

C:\Program Files (x86)\Microchip\xc8\v2.10\pic\sources\c99\common\lwmod.c
		___lwmod       		CODE           	2F52	0000	54

C:\Program Files (x86)\Microchip\xc8\v2.10\pic\sources\c99\common\lwmod.c estimated size: 54

C:\Program Files (x86)\Microchip\xc8\v2.10\pic\sources\c99\common\awmod.c
		___awmod       		CODE           	2130	0000	85

C:\Program Files (x86)\Microchip\xc8\v2.10\pic\sources\c99\common\awmod.c estimated size: 85

main.c
		_setMode       		CODE           	1AED	0000	405
		_celToFah      		CODE           	2058	0000	66
		_battDisplay   		CODE           	21DF	0000	96
		_main          		CODE           	19A0	0000	334
		_testDisplay   		CODE           	2F87	0000	61
		_ADC_CalcAvg   		CODE           	2099	0000	73
		_modeDisplay   		CODE           	180C	0000	115
		_tempDisplay   		CODE           	080B	0000	989
		_setColor      		CODE           	2ECA	0000	39
		_getTempFromSensor		CODE           	2EA5	0000	38
		_battMeasure   		CODE           	26FE	0000	259
		_buzzer        		CODE           	2D73	0000	13

main.c estimated size: 2488

